ERROR:root:MMFF optimization of ligand failed
[22:48:29] Explicit valence for atom # 25 O, 3, is greater than permitted
ERROR:root:Cannot read protonated SMILES: CC(=CC[C@]12C[C@@H](CC=C(C)C)[C@]3([C@@](C2=O)(C(=C(C1=O)CC=C(C)C)[O-][C@H](CC3)C(O)(C)C)C(=O)C(C)C)C)C
ERROR:root:Best binding energy is >= 0
ERROR:root:Generation of ligand conformation failed
ERROR:root:NaN values in 3D features
ERROR:root:MMFF optimization of ligand failed
ERROR:root:MMFF optimization of ligand failed
ERROR:root:Best binding energy is >= 0
ERROR:root:MMFF optimization of ligand failed
[05:40:56] Explicit valence for atom # 27 C, 5, is greater than permitted
ERROR:root:Could not assign bond orders: Explicit valence for atom # 27 C, 5, is greater than permitted
ERROR:root:MMFF optimization of ligand failed
ERROR:root:MMFF optimization of ligand failed
ERROR:root:Molecule cannot contain radicals
ERROR:root:Cannot process molecule: hydrogen atoms couldn't be removed
[11:47:52] Explicit valence for atom # 8 C, 5, is greater than permitted
ERROR:root:Cannot read PDB file /tmp/tmphr1v3kon/docked_ligand.pdb
[12:49:35] UFFTYPER: Unrecognized atom type: S_6+6 (39)
[12:49:35] UFFTYPER: Unrecognized atom type: S_6+6 (39)
ERROR:root:Cannot optimize ligand: parameters not available
[14:21:55] Explicit valence for atom # 8 C, 5, is greater than permitted
ERROR:root:Cannot read PDB file /tmp/tmphr1v3kon/docked_ligand.pdb
[14:21:59] Explicit valence for atom # 25 C, 5, is greater than permitted
ERROR:root:Cannot read PDB file /tmp/tmphr1v3kon/docked_ligand.pdb
ERROR:root:NaN values in 3D features
